P0-min runner  algorithm=P0-min-1.0.0  fixtures=73  frames=7  fast=False
[  1/ 73] E_MATH-BAR_I-2.0                   base              true=2.0000 est=2.0000 err=+0.0000 u_c=0.0129 MEETS_SCREENING_THRESHOLD (render 9.2s proc 3.5s)
[  2/ 73] E_MATH-BAR_I-4.0                   base              true=4.0000 est=4.0000 err=+0.0000 u_c=0.0132 MEETS_SCREENING_THRESHOLD (render 9.5s proc 3.6s)
[  3/ 73] E_MATH-H-2.0                       base              true=2.0000 est=2.0000 err=-0.0000 u_c=0.0129 MEETS_SCREENING_THRESHOLD (render 9.9s proc 3.5s)
[  4/ 73] E_MATH-H-4.0                       base              true=4.0000 est=4.0000 err=+0.0000 u_c=0.0132 MEETS_SCREENING_THRESHOLD (render 11.1s proc 3.6s)
[  5/ 73] E_MATH-T-2.0                       base              true=2.0000 est=2.0015 err=+0.0015 u_c=0.0128 MEETS_SCREENING_THRESHOLD (render 10.4s proc 3.5s)
[  6/ 73] E_MATH-T-4.0                       base              true=4.0000 est=4.0000 err=+0.0000 u_c=0.0132 MEETS_SCREENING_THRESHOLD (render 10.5s proc 3.8s)
[  7/ 73] E_MATH-RING_O-2.0                  base              true=2.0000 est=1.9920 err=-0.0080 u_c=0.0116 MEETS_SCREENING_THRESHOLD (render 9.4s proc 3.5s)
[  8/ 73] E_MATH-RING_O-4.0                  base              true=4.0000 est=3.9971 err=-0.0029 u_c=0.0114 MEETS_SCREENING_THRESHOLD (render 9.9s proc 3.9s)
[  9/ 73] E_NOMINAL-BAR_I-1.5                base              true=1.5600 est=1.5600 err=+0.0000 u_c=0.0164 MEETS_SCREENING_THRESHOLD (render 18.9s proc 3.6s)
[ 10/ 73] E_NOMINAL-BAR_I-2.0                base              true=2.0600 est=2.0600 err=+0.0000 u_c=0.0165 MEETS_SCREENING_THRESHOLD (render 18.9s proc 3.5s)
[ 11/ 73] E_NOMINAL-BAR_I-3.0                base              true=3.0600 est=3.0590 err=-0.0010 u_c=0.0161 MEETS_SCREENING_THRESHOLD (render 19.0s proc 3.6s)
[ 12/ 73] E_NOMINAL-BAR_I-4.0                base              true=4.0600 est=4.0589 err=-0.0011 u_c=0.0160 MEETS_SCREENING_THRESHOLD (render 19.7s proc 3.7s)
[ 13/ 73] E_NOMINAL-BAR_I-6.0                base              true=6.0600 est=6.0582 err=-0.0018 u_c=0.0165 MEETS_SCREENING_THRESHOLD (render 20.9s proc 3.8s)
[ 14/ 73] E_NOMINAL-RING_O-1.5               base              true=1.5600 est=1.5680 err=+0.0080 u_c=0.0149 MEETS_SCREENING_THRESHOLD (render 19.6s proc 3.6s)
[ 15/ 73] E_NOMINAL-RING_O-2.0               base              true=2.0600 est=2.0648 err=+0.0048 u_c=0.0144 MEETS_SCREENING_THRESHOLD (render 19.2s proc 3.7s)
[ 16/ 73] E_NOMINAL-RING_O-3.0               base              true=3.0600 est=3.0595 err=-0.0005 u_c=0.0154 MEETS_SCREENING_THRESHOLD (render 19.5s proc 3.9s)
[ 17/ 73] E_NOMINAL-RING_O-4.0               base              true=4.0600 est=4.0582 err=-0.0018 u_c=0.0158 MEETS_SCREENING_THRESHOLD (render 20.2s proc 4.2s)
[ 18/ 73] E_NOMINAL-RING_O-6.0               base              true=6.0600 est=6.0589 err=-0.0011 u_c=0.0163 MEETS_SCREENING_THRESHOLD (render 22.1s proc 4.9s)
[ 19/ 73] E_BLUR-0.0                         base              true=3.0600 est=3.0607 err=+0.0007 u_c=0.0095 MEETS_SCREENING_THRESHOLD (render 11.8s proc 3.6s)
[ 20/ 73] E_BLUR-0.5                         base              true=3.0600 est=3.0626 err=+0.0026 u_c=0.0115 MEETS_SCREENING_THRESHOLD (render 17.4s proc 3.6s)
[ 21/ 73] E_BLUR-1.0                         base              ABSTAIN PHYSICAL_SIZE_NOT_ESTABLISHED_IMAGE_QUALITY gate=blur_sigma_mm (render 19.7s proc 3.7s)
[ 22/ 73] E_BLUR-1.5                         base              ABSTAIN PHYSICAL_SIZE_NOT_ESTABLISHED_IMAGE_QUALITY gate=blur_sigma_mm (render 22.3s proc 3.7s)
[ 23/ 73] E_BLUR-2.0                         base              ABSTAIN PHYSICAL_SIZE_NOT_ESTABLISHED_IMAGE_QUALITY gate=blur_sigma_mm (render 25.3s proc 3.7s)
[ 24/ 73] E_BLUR-3.0                         base              ABSTAIN PHYSICAL_SIZE_NOT_ESTABLISHED_IMAGE_QUALITY gate=blur_sigma_mm (render 32.6s proc 3.7s)
[ 25/ 73] E_TILT-0                           base              true=3.0600 est=3.0605 err=+0.0005 u_c=0.0156 MEETS_SCREENING_THRESHOLD (render 19.0s proc 3.7s)
[ 26/ 73] E_TILT-10                          base              true=3.0600 est=3.0600 err=-0.0000 u_c=0.0158 MEETS_SCREENING_THRESHOLD (render 19.2s proc 3.7s)
[ 27/ 73] E_TILT-20                          base              true=3.0600 est=3.0619 err=+0.0019 u_c=0.0169 MEETS_SCREENING_THRESHOLD (render 19.0s proc 3.6s)
[ 28/ 73] E_TILT-30                          base              ABSTAIN PHYSICAL_SIZE_NOT_ESTABLISHED_GEOMETRY gate=reproj_rms_px (render 18.5s proc 3.6s)
[ 29/ 73] E_TILT-40                          base              ABSTAIN PHYSICAL_SIZE_NOT_ESTABLISHED_FIDUCIAL gate=FIDUCIAL_MISSING_MARKER (render 16.1s proc 2.9s)
[ 30/ 73] E_TILT-50                          base              ABSTAIN PHYSICAL_SIZE_NOT_ESTABLISHED_FIDUCIAL gate=FIDUCIAL_MISSING_MARKER (render 13.9s proc 2.6s)
[ 31/ 73] E_RHO-200                          base              true=3.0600 est=3.0619 err=+0.0019 u_c=0.0162 MEETS_SCREENING_THRESHOLD (render 19.0s proc 3.6s)
[ 32/ 73] E_RHO-240                          base              ABSTAIN PHYSICAL_SIZE_NOT_ESTABLISHED_IMAGE_QUALITY gate=blur_sigma_mm (render 14.2s proc 3.1s)
[ 33/ 73] E_RHO-280                          base              ABSTAIN PHYSICAL_SIZE_NOT_ESTABLISHED_IMAGE_QUALITY gate=blur_sigma_mm (render 11.2s proc 2.8s)
[ 34/ 73] E_RHO-340                          base              ABSTAIN PHYSICAL_SIZE_NOT_ESTABLISHED_IMAGE_QUALITY gate=blur_sigma_mm (render 8.6s proc 2.5s)
[ 35/ 73] E_RHO-420                          base              ABSTAIN PHYSICAL_SIZE_NOT_ESTABLISHED_IMAGE_QUALITY gate=blur_sigma_mm (render 6.5s proc 2.3s)
[ 36/ 73] E_RHO-200-hires                    base              true=3.0600 est=3.0609 err=+0.0009 u_c=0.0120 MEETS_SCREENING_THRESHOLD (render 32.1s proc 6.2s)
[ 37/ 73] E_NOISE-0.000                      base              true=3.0600 est=3.0593 err=-0.0007 u_c=0.0154 MEETS_SCREENING_THRESHOLD (render 16.6s proc 3.7s)
[ 38/ 73] E_NOISE-0.005                      base              true=3.0600 est=3.0615 err=+0.0015 u_c=0.0161 MEETS_SCREENING_THRESHOLD (render 19.7s proc 3.7s)
[ 39/ 73] E_NOISE-0.012                      base              true=3.0600 est=3.0614 err=+0.0014 u_c=0.0154 MEETS_SCREENING_THRESHOLD (render 19.2s proc 3.7s)
[ 40/ 73] E_NOISE-0.025                      base              ABSTAIN PHYSICAL_SIZE_NOT_ESTABLISHED_IMAGE_QUALITY gate=overshoot_ratio (render 19.2s proc 3.7s)
[ 41/ 73] E_INKSPREAD-0.00                   base              true=3.0000 est=3.0026 err=+0.0026 u_c=0.0159 MEETS_SCREENING_THRESHOLD (render 19.2s proc 3.6s)
[ 42/ 73] E_INKSPREAD-0.03                   base              true=3.0600 est=3.0590 err=-0.0010 u_c=0.0170 MEETS_SCREENING_THRESHOLD (render 19.1s proc 3.7s)
[ 43/ 73] E_INKSPREAD-0.06                   base              true=3.1200 est=3.1199 err=-0.0001 u_c=0.0158 MEETS_SCREENING_THRESHOLD (render 19.2s proc 3.7s)
[ 44/ 73] E_INKSPREAD-0.12                   base              true=3.2400 est=3.2381 err=-0.0019 u_c=0.0157 MEETS_SCREENING_THRESHOLD (render 19.3s proc 3.8s)
[ 45/ 73] E_ILLUM-gradient                   base              true=3.0600 est=3.0604 err=+0.0004 u_c=0.0164 MEETS_SCREENING_THRESHOLD (render 20.3s proc 3.8s)
[ 46/ 73] E_ILLUM-glare-mild                 base              true=3.0600 est=3.0627 err=+0.0027 u_c=0.0155 MEETS_SCREENING_THRESHOLD (render 19.3s proc 3.7s)
[ 47/ 73] E_THICKNESS-declared               base              true=3.0600 est=3.0607 err=+0.0007 u_c=0.0157 MEETS_SCREENING_THRESHOLD (render 19.4s proc 3.7s)
[ 48/ 73] E_DECISION-2.40                    base              true=2.4000 est=2.4007 err=+0.0007 u_c=0.0162 POTENTIAL_UNDERSIZE (render 18.9s proc 3.6s)
[ 49/ 73] E_DECISION-2.70                    base              true=2.7000 est=2.7021 err=+0.0021 u_c=0.0157 POTENTIAL_UNDERSIZE (render 19.4s proc 3.7s)
[ 50/ 73] E_DECISION-2.85                    base              true=2.8500 est=2.8515 err=+0.0015 u_c=0.0156 POTENTIAL_UNDERSIZE (render 19.1s proc 3.7s)
[ 51/ 73] E_DECISION-2.95                    base              true=2.9500 est=2.9504 err=+0.0004 u_c=0.0154 POTENTIAL_UNDERSIZE (render 19.2s proc 3.7s)
[ 52/ 73] E_DECISION-3.05                    base              true=3.0500 est=3.0475 err=-0.0025 u_c=0.0149 MEETS_SCREENING_THRESHOLD (render 19.3s proc 3.8s)
[ 53/ 73] E_DECISION-3.15                    base              true=3.1500 est=3.1526 err=+0.0026 u_c=0.0161 MEETS_SCREENING_THRESHOLD (render 19.7s proc 3.7s)
[ 54/ 73] E_DECISION-3.30                    base              true=3.3000 est=3.3002 err=+0.0002 u_c=0.0158 MEETS_SCREENING_THRESHOLD (render 19.4s proc 3.8s)
[ 55/ 73] E_DECISION-3.60                    base              true=3.6000 est=3.5998 err=-0.0002 u_c=0.0160 MEETS_SCREENING_THRESHOLD (render 19.3s proc 3.8s)
[ 56/ 73] E_DISTORT-offaxis                  undistort_on      true=3.0600 est=3.0611 err=+0.0011 u_c=0.0165 MEETS_SCREENING_THRESHOLD (render 63.5s proc 3.6s)
[ 56/ 73] E_DISTORT-offaxis                  undistort_off     ABSTAIN PHYSICAL_SIZE_NOT_ESTABLISHED_GEOMETRY gate=reproj_rms_px (render 63.5s proc 3.5s)
[ 57/ 73] E_LINEARIZE-nominal                linear            true=3.0600 est=3.0604 err=+0.0004 u_c=0.0163 MEETS_SCREENING_THRESHOLD (render 19.4s proc 3.7s)
[ 57/ 73] E_LINEARIZE-nominal                gamma             ABSTAIN PHYSICAL_SIZE_NOT_ESTABLISHED_GEOMETRY gate=reproj_rms_px (render 19.4s proc 3.7s)
[ 57/ 73] E_LINEARIZE-nominal                gamma_glyph_only  true=3.0600 est=3.0159 err=-0.0441 u_c=0.0174 MEETS_SCREENING_THRESHOLD (render 19.4s proc 3.6s)
[ 58/ 73] N_WRONG_FIDUCIAL                   base              ABSTAIN PHYSICAL_SIZE_NOT_ESTABLISHED_FIDUCIAL gate=FIDUCIAL_MISSING_MARKER (render 19.2s proc 3.4s)
[ 59/ 73] N_MISSING_MARKER                   base              ABSTAIN PHYSICAL_SIZE_NOT_ESTABLISHED_FIDUCIAL gate=FIDUCIAL_MISSING_MARKER (render 15.0s proc 2.8s)
[ 60/ 73] N_UNSTABLE_BOUNDARY-0.07           base              true=3.0600 est=3.0618 err=+0.0018 u_c=0.0153 MEETS_SCREENING_THRESHOLD (render 25.1s proc 3.7s)
[ 61/ 73] N_UNSTABLE_BOUNDARY-0.15           base              ABSTAIN PHYSICAL_SIZE_NOT_ESTABLISHED_SEGMENTATION gate=median_crossings (render 26.4s proc 3.8s)
[ 62/ 73] N_UNSTABLE_BOUNDARY-0.30           base              ABSTAIN PHYSICAL_SIZE_NOT_ESTABLISHED_SEGMENTATION gate=median_crossings (render 25.0s proc 3.6s)
[ 63/ 73] N_UNSTABLE_BOUNDARY-0.50           base              ABSTAIN PHYSICAL_SIZE_NOT_ESTABLISHED_SEGMENTATION gate=median_crossings (render 25.1s proc 3.7s)
[ 64/ 73] N_LOW_CONTRAST                     base              ABSTAIN PHYSICAL_SIZE_NOT_ESTABLISHED_IMAGE_QUALITY gate=michelson_contrast (render 19.3s proc 3.7s)
[ 65/ 73] N_EXCESS_PERSPECTIVE               base              ABSTAIN PHYSICAL_SIZE_NOT_ESTABLISHED_FIDUCIAL gate=FIDUCIAL_MISSING_MARKER (render 12.9s proc 2.5s)
[ 66/ 73] N_MOTION_BLUR                      base              ABSTAIN PHYSICAL_SIZE_NOT_ESTABLISHED_IMAGE_QUALITY gate=blur_sigma_mm (render 31.8s proc 2.4s)
[ 67/ 73] N_GLARE_SATURATION                 base              ABSTAIN PHYSICAL_SIZE_NOT_ESTABLISHED_IMAGE_QUALITY gate=michelson_contrast (render 19.3s proc 3.6s)
[ 68/ 73] N_SHARPENING                       base              ABSTAIN PHYSICAL_SIZE_NOT_ESTABLISHED_IMAGE_QUALITY gate=clip_dark_frac (render 27.3s proc 2.4s)
[ 69/ 73] N_TINY_TEXT                        base              ABSTAIN PHYSICAL_SIZE_NOT_ESTABLISHED_IMAGE_QUALITY gate=blur_sigma_mm (render 8.4s proc 2.4s)
[ 70/ 73] N_PLANE_OFFSET_UNDECLARED-1.5      base              true=3.0600 est=3.0824 err=+0.0224 u_c=0.0153 MEETS_SCREENING_THRESHOLD (render 19.8s proc 3.7s)
[ 71/ 73] N_PLANE_OFFSET_UNDECLARED-5.0      base              true=3.0600 est=3.1402 err=+0.0802 u_c=0.0148 MEETS_SCREENING_THRESHOLD (render 18.8s proc 3.2s)
[ 72/ 73] N_NONPLANAR_TILT-10                base              true=3.0600 est=3.0144 err=-0.0456 u_c=0.0159 MEETS_SCREENING_THRESHOLD (render 18.8s proc 2.0s)
[ 73/ 73] N_NONPLANAR_TILT-20                base              true=3.0600 est=2.8753 err=-0.1847 u_c=0.0162 MEETS_SCREENING_THRESHOLD (render 16.2s proc 1.9s)
done: 76 runs in 220.1s -> out/synthetic
