P0-min runner  algorithm=P0-min-1.0.0  fixtures=70  frames=7  fast=False
[  1/ 70] E_MATH-BAR_I-2.0                   base              true=2.0000 est=2.0000 err=+0.0000 u_c=0.0129 MEETS_SCREENING_THRESHOLD (render 9.2s proc 3.5s)
[  2/ 70] E_MATH-BAR_I-4.0                   base              true=4.0000 est=4.0000 err=+0.0000 u_c=0.0132 MEETS_SCREENING_THRESHOLD (render 9.6s proc 3.5s)
[  3/ 70] E_MATH-H-2.0                       base              true=2.0000 est=2.0000 err=-0.0000 u_c=0.0129 MEETS_SCREENING_THRESHOLD (render 10.0s proc 3.5s)
[  4/ 70] E_MATH-H-4.0                       base              true=4.0000 est=4.0000 err=+0.0000 u_c=0.0132 MEETS_SCREENING_THRESHOLD (render 11.2s proc 3.5s)
[  5/ 70] E_MATH-T-2.0                       base              true=2.0000 est=2.0015 err=+0.0015 u_c=0.0128 MEETS_SCREENING_THRESHOLD (render 9.7s proc 3.4s)
[  6/ 70] E_MATH-T-4.0                       base              true=4.0000 est=4.0000 err=+0.0000 u_c=0.0132 MEETS_SCREENING_THRESHOLD (render 10.5s proc 3.7s)
[  7/ 70] E_MATH-RING_O-2.0                  base              true=2.0000 est=1.9920 err=-0.0080 u_c=0.0116 MEETS_SCREENING_THRESHOLD (render 9.8s proc 3.5s)
[  8/ 70] E_MATH-RING_O-4.0                  base              true=4.0000 est=3.9971 err=-0.0029 u_c=0.0114 MEETS_SCREENING_THRESHOLD (render 10.9s proc 4.0s)
[  9/ 70] E_NOMINAL-BAR_I-1.5                base              true=1.5600 est=1.5601 err=+0.0001 u_c=0.0164 MEETS_SCREENING_THRESHOLD (render 18.9s proc 3.5s)
[ 10/ 70] E_NOMINAL-BAR_I-2.0                base              true=2.0600 est=2.0600 err=+0.0000 u_c=0.0165 MEETS_SCREENING_THRESHOLD (render 18.9s proc 3.5s)
[ 11/ 70] E_NOMINAL-BAR_I-3.0                base              true=3.0600 est=3.0590 err=-0.0010 u_c=0.0161 MEETS_SCREENING_THRESHOLD (render 18.9s proc 3.6s)
[ 12/ 70] E_NOMINAL-BAR_I-4.0                base              true=4.0600 est=4.0589 err=-0.0011 u_c=0.0160 MEETS_SCREENING_THRESHOLD (render 19.5s proc 3.7s)
[ 13/ 70] E_NOMINAL-BAR_I-6.0                base              true=6.0600 est=6.0582 err=-0.0018 u_c=0.0165 MEETS_SCREENING_THRESHOLD (render 20.7s proc 3.8s)
[ 14/ 70] E_NOMINAL-RING_O-1.5               base              true=1.5600 est=1.5697 err=+0.0097 u_c=0.0149 MEETS_SCREENING_THRESHOLD (render 19.3s proc 3.5s)
[ 15/ 70] E_NOMINAL-RING_O-2.0               base              true=2.0600 est=2.0664 err=+0.0064 u_c=0.0143 MEETS_SCREENING_THRESHOLD (render 19.6s proc 3.7s)
[ 16/ 70] E_NOMINAL-RING_O-3.0               base              true=3.0600 est=3.0606 err=+0.0006 u_c=0.0154 MEETS_SCREENING_THRESHOLD (render 20.3s proc 3.9s)
[ 17/ 70] E_NOMINAL-RING_O-4.0               base              true=4.0600 est=4.0590 err=-0.0010 u_c=0.0158 MEETS_SCREENING_THRESHOLD (render 21.0s proc 4.1s)
[ 18/ 70] E_NOMINAL-RING_O-6.0               base              true=6.0600 est=6.0593 err=-0.0007 u_c=0.0163 MEETS_SCREENING_THRESHOLD (render 24.0s proc 4.7s)
[ 19/ 70] E_BLUR-0.0                         base              true=3.0600 est=3.0608 err=+0.0008 u_c=0.0095 MEETS_SCREENING_THRESHOLD (render 11.9s proc 3.6s)
[ 20/ 70] E_BLUR-0.5                         base              true=3.0600 est=3.0626 err=+0.0026 u_c=0.0115 MEETS_SCREENING_THRESHOLD (render 17.4s proc 3.6s)
[ 21/ 70] E_BLUR-1.0                         base              ABSTAIN PHYSICAL_SIZE_NOT_ESTABLISHED_IMAGE_QUALITY gate=blur_sigma_mm (render 19.0s proc 3.6s)
[ 22/ 70] E_BLUR-1.5                         base              ABSTAIN PHYSICAL_SIZE_NOT_ESTABLISHED_IMAGE_QUALITY gate=blur_sigma_mm (render 22.3s proc 3.6s)
[ 23/ 70] E_BLUR-2.0                         base              ABSTAIN PHYSICAL_SIZE_NOT_ESTABLISHED_IMAGE_QUALITY gate=blur_sigma_mm (render 25.0s proc 3.6s)
[ 24/ 70] E_BLUR-3.0                         base              ABSTAIN PHYSICAL_SIZE_NOT_ESTABLISHED_IMAGE_QUALITY gate=blur_sigma_mm (render 32.9s proc 3.7s)
[ 25/ 70] E_TILT-0                           base              true=3.0600 est=3.0605 err=+0.0005 u_c=0.0156 MEETS_SCREENING_THRESHOLD (render 18.9s proc 3.6s)
[ 26/ 70] E_TILT-10                          base              true=3.0600 est=3.0600 err=-0.0000 u_c=0.0158 MEETS_SCREENING_THRESHOLD (render 19.2s proc 3.5s)
[ 27/ 70] E_TILT-20                          base              true=3.0600 est=3.0619 err=+0.0019 u_c=0.0169 MEETS_SCREENING_THRESHOLD (render 19.3s proc 3.5s)
[ 28/ 70] E_TILT-30                          base              ABSTAIN PHYSICAL_SIZE_NOT_ESTABLISHED_GEOMETRY gate=reproj_rms_px (render 17.8s proc 3.4s)
[ 29/ 70] E_TILT-40                          base              ABSTAIN PHYSICAL_SIZE_NOT_ESTABLISHED_FIDUCIAL gate=FIDUCIAL_MISSING_MARKER (render 16.2s proc 2.9s)
[ 30/ 70] E_TILT-50                          base              ABSTAIN PHYSICAL_SIZE_NOT_ESTABLISHED_FIDUCIAL gate=FIDUCIAL_MISSING_MARKER (render 14.0s proc 2.6s)
[ 31/ 70] E_RHO-200                          base              true=3.0600 est=3.0620 err=+0.0020 u_c=0.0162 MEETS_SCREENING_THRESHOLD (render 19.1s proc 3.6s)
[ 32/ 70] E_RHO-240                          base              ABSTAIN PHYSICAL_SIZE_NOT_ESTABLISHED_IMAGE_QUALITY gate=blur_sigma_mm (render 14.3s proc 3.0s)
[ 33/ 70] E_RHO-280                          base              ABSTAIN PHYSICAL_SIZE_NOT_ESTABLISHED_IMAGE_QUALITY gate=blur_sigma_mm (render 11.4s proc 2.7s)
[ 34/ 70] E_RHO-340                          base              ABSTAIN PHYSICAL_SIZE_NOT_ESTABLISHED_IMAGE_QUALITY gate=blur_sigma_mm (render 8.5s proc 2.4s)
[ 35/ 70] E_RHO-420                          base              ABSTAIN PHYSICAL_SIZE_NOT_ESTABLISHED_IMAGE_QUALITY gate=blur_sigma_mm (render 6.6s proc 2.2s)
[ 36/ 70] E_RHO-200-hires                    base              true=3.0600 est=3.0609 err=+0.0009 u_c=0.0120 MEETS_SCREENING_THRESHOLD (render 31.8s proc 6.2s)
[ 37/ 70] E_NOISE-0.000                      base              true=3.0600 est=3.0593 err=-0.0007 u_c=0.0154 MEETS_SCREENING_THRESHOLD (render 16.3s proc 3.6s)
[ 38/ 70] E_NOISE-0.005                      base              true=3.0600 est=3.0616 err=+0.0016 u_c=0.0161 MEETS_SCREENING_THRESHOLD (render 18.8s proc 3.6s)
[ 39/ 70] E_NOISE-0.012                      base              true=3.0600 est=3.0615 err=+0.0015 u_c=0.0154 MEETS_SCREENING_THRESHOLD (render 19.4s proc 3.6s)
[ 40/ 70] E_NOISE-0.025                      base              ABSTAIN PHYSICAL_SIZE_NOT_ESTABLISHED_IMAGE_QUALITY gate=blur_sigma_mm (render 19.1s proc 3.6s)
[ 41/ 70] E_INKSPREAD-0.00                   base              true=3.0000 est=3.0026 err=+0.0026 u_c=0.0159 MEETS_SCREENING_THRESHOLD (render 19.1s proc 3.6s)
[ 42/ 70] E_INKSPREAD-0.03                   base              true=3.0600 est=3.0590 err=-0.0010 u_c=0.0170 MEETS_SCREENING_THRESHOLD (render 18.9s proc 3.7s)
[ 43/ 70] E_INKSPREAD-0.06                   base              true=3.1200 est=3.1199 err=-0.0001 u_c=0.0158 MEETS_SCREENING_THRESHOLD (render 19.1s proc 3.6s)
[ 44/ 70] E_INKSPREAD-0.12                   base              true=3.2400 est=3.2381 err=-0.0019 u_c=0.0157 MEETS_SCREENING_THRESHOLD (render 19.0s proc 3.6s)
[ 45/ 70] E_ILLUM-gradient                   base              ABSTAIN PHYSICAL_SIZE_NOT_ESTABLISHED_GEOMETRY gate=reproj_rms_px (render 19.3s proc 3.7s)
[ 46/ 70] E_ILLUM-glare-mild                 base              true=3.0600 est=3.0628 err=+0.0028 u_c=0.0155 MEETS_SCREENING_THRESHOLD (render 19.2s proc 3.6s)
[ 47/ 70] E_THICKNESS-declared               base              true=3.0600 est=3.0607 err=+0.0007 u_c=0.0157 MEETS_SCREENING_THRESHOLD (render 19.1s proc 3.6s)
[ 48/ 70] E_DECISION-2.40                    base              true=2.4000 est=2.4007 err=+0.0007 u_c=0.0162 POTENTIAL_UNDERSIZE (render 18.9s proc 3.5s)
[ 49/ 70] E_DECISION-2.70                    base              true=2.7000 est=2.7021 err=+0.0021 u_c=0.0157 POTENTIAL_UNDERSIZE (render 18.7s proc 3.5s)
[ 50/ 70] E_DECISION-2.85                    base              true=2.8500 est=2.8515 err=+0.0015 u_c=0.0156 POTENTIAL_UNDERSIZE (render 19.1s proc 3.7s)
[ 51/ 70] E_DECISION-2.95                    base              true=2.9500 est=2.9504 err=+0.0004 u_c=0.0154 POTENTIAL_UNDERSIZE (render 18.9s proc 3.6s)
[ 52/ 70] E_DECISION-3.05                    base              true=3.0500 est=3.0475 err=-0.0025 u_c=0.0149 MEETS_SCREENING_THRESHOLD (render 19.1s proc 3.7s)
[ 53/ 70] E_DECISION-3.15                    base              true=3.1500 est=3.1527 err=+0.0027 u_c=0.0161 MEETS_SCREENING_THRESHOLD (render 18.9s proc 3.6s)
[ 54/ 70] E_DECISION-3.30                    base              true=3.3000 est=3.3002 err=+0.0002 u_c=0.0158 MEETS_SCREENING_THRESHOLD (render 19.0s proc 3.6s)
[ 55/ 70] E_DECISION-3.60                    base              true=3.6000 est=3.5998 err=-0.0002 u_c=0.0160 MEETS_SCREENING_THRESHOLD (render 19.2s proc 3.7s)
[ 56/ 70] E_DISTORT-offaxis                  undistort_on      true=3.0600 est=3.0611 err=+0.0011 u_c=0.0165 MEETS_SCREENING_THRESHOLD (render 60.5s proc 1.9s)
[ 56/ 70] E_DISTORT-offaxis                  undistort_off     ABSTAIN PHYSICAL_SIZE_NOT_ESTABLISHED_GEOMETRY gate=reproj_rms_px (render 60.5s proc 1.9s)
[ 57/ 70] E_LINEARIZE-nominal                linear            true=3.0600 est=3.0604 err=+0.0004 u_c=0.0163 MEETS_SCREENING_THRESHOLD (render 19.2s proc 3.6s)
[ 57/ 70] E_LINEARIZE-nominal                gamma             ABSTAIN PHYSICAL_SIZE_NOT_ESTABLISHED_GEOMETRY gate=reproj_rms_px (render 19.2s proc 3.6s)
[ 57/ 70] E_LINEARIZE-nominal                gamma_glyph_only  true=3.0600 est=3.0159 err=-0.0441 u_c=0.0174 MEETS_SCREENING_THRESHOLD (render 19.2s proc 3.7s)
[ 58/ 70] N_WRONG_FIDUCIAL                   base              ABSTAIN PHYSICAL_SIZE_NOT_ESTABLISHED_FIDUCIAL gate=FIDUCIAL_MISSING_MARKER (render 19.2s proc 3.3s)
[ 59/ 70] N_MISSING_MARKER                   base              ABSTAIN PHYSICAL_SIZE_NOT_ESTABLISHED_FIDUCIAL gate=FIDUCIAL_MISSING_MARKER (render 14.9s proc 2.7s)
[ 60/ 70] N_UNSTABLE_BOUNDARY                base              true=3.0600 est=3.0608 err=+0.0008 u_c=0.0165 MEETS_SCREENING_THRESHOLD (render 24.5s proc 3.7s)
[ 61/ 70] N_LOW_CONTRAST                     base              ABSTAIN PHYSICAL_SIZE_NOT_ESTABLISHED_IMAGE_QUALITY gate=michelson_contrast (render 19.2s proc 3.6s)
[ 62/ 70] N_EXCESS_PERSPECTIVE               base              ABSTAIN PHYSICAL_SIZE_NOT_ESTABLISHED_FIDUCIAL gate=FIDUCIAL_MISSING_MARKER (render 12.8s proc 2.5s)
[ 63/ 70] N_MOTION_BLUR                      base              ABSTAIN PHYSICAL_SIZE_NOT_ESTABLISHED_IMAGE_QUALITY gate=snr (render 32.2s proc 3.6s)
[ 64/ 70] N_GLARE_SATURATION                 base              ABSTAIN PHYSICAL_SIZE_NOT_ESTABLISHED_IMAGE_QUALITY gate=michelson_contrast (render 19.0s proc 3.6s)
[ 65/ 70] N_SHARPENING                       base              ABSTAIN PHYSICAL_SIZE_NOT_ESTABLISHED_IMAGE_QUALITY gate=clip_dark_frac (render 29.9s proc 2.6s)
[ 66/ 70] N_TINY_TEXT                        base              ABSTAIN PHYSICAL_SIZE_NOT_ESTABLISHED_IMAGE_QUALITY gate=blur_sigma_mm (render 8.5s proc 2.4s)
[ 67/ 70] N_PLANE_OFFSET_UNDECLARED-1.5      base              true=3.0600 est=3.0824 err=+0.0224 u_c=0.0153 MEETS_SCREENING_THRESHOLD (render 16.9s proc 2.7s)
[ 68/ 70] N_PLANE_OFFSET_UNDECLARED-5.0      base              true=3.0600 est=3.1402 err=+0.0802 u_c=0.0148 MEETS_SCREENING_THRESHOLD (render 19.1s proc 2.5s)
[ 69/ 70] N_NONPLANAR_TILT-10                base              true=3.0600 est=3.0144 err=-0.0456 u_c=0.0159 MEETS_SCREENING_THRESHOLD (render 18.8s proc 1.9s)
[ 70/ 70] N_NONPLANAR_TILT-20                base              true=3.0600 est=2.8753 err=-0.1847 u_c=0.0162 MEETS_SCREENING_THRESHOLD (render 15.2s proc 1.9s)
done: 73 runs in 206.7s -> out/synthetic
